// Jest Snapshot v1, https://goo.gl/fbAQLP

exports[`tags GET /api/tags should return a list of all tags 1`] = `
{
  "body": {
    "tags": [
      "ehupezug",
      "jazas",
    ],
  },
  "status": 200,
}
`;
