// Jest Snapshot v1, https://goo.gl/fbAQLP

exports[`favorites DELETE /api/mappings/:slug/favorite when the user is authenticated and the mapping is not found should return a not found error 1`] = `
{
  "body": {
    "errors": {
      "error": {
        "data": null,
        "isBoom": true,
        "isServer": false,
        "message": "Not Found",
        "output": {
          "headers": {},
          "payload": {
            "error": "Not Found",
            "message": "Not Found",
            "statusCode": 404,
          },
          "statusCode": 404,
        },
      },
      "message": "Not Found",
    },
  },
  "status": 404,
}
`;

exports[`favorites DELETE /api/mappings/:slug/favorite when the user is not authenticated should return an unauthorized error 1`] = `
{
  "body": {
    "errors": {
      "error": {
        "data": null,
        "isBoom": true,
        "isServer": false,
        "message": "Unauthorized",
        "output": {
          "headers": {},
          "payload": {
            "error": "Unauthorized",
            "message": "Unauthorized",
            "statusCode": 401,
          },
          "statusCode": 401,
        },
      },
      "message": "Unauthorized",
    },
  },
  "status": 401,
}
`;

exports[`favorites POST /api/mappings/:slug/favorite when the user is authenticated and the mapping is not found should return a not found error 1`] = `
{
  "body": {
    "errors": {
      "error": {
        "data": null,
        "isBoom": true,
        "isServer": false,
        "message": "Not Found",
        "output": {
          "headers": {},
          "payload": {
            "error": "Not Found",
            "message": "Not Found",
            "statusCode": 404,
          },
          "statusCode": 404,
        },
      },
      "message": "Not Found",
    },
  },
  "status": 404,
}
`;

exports[`favorites POST /api/mappings/:slug/favorite when the user is not authenticated should return an unauthorized error 1`] = `
{
  "body": {
    "errors": {
      "error": {
        "data": null,
        "isBoom": true,
        "isServer": false,
        "message": "Unauthorized",
        "output": {
          "headers": {},
          "payload": {
            "error": "Unauthorized",
            "message": "Unauthorized",
            "statusCode": 401,
          },
          "statusCode": 401,
        },
      },
      "message": "Unauthorized",
    },
  },
  "status": 401,
}
`;
