// Jest Snapshot v1, https://goo.gl/fbAQLP

exports[`articles DELETE /api/articles/:slug when the user is authenticated and the article is found and the user is not the article author should return a forbidden error 1`] = `
{
  "body": {
    "errors": {
      "error": {
        "data": null,
        "isBoom": true,
        "isServer": false,
        "message": "Forbidden",
        "output": {
          "headers": {},
          "payload": {
            "error": "Forbidden",
            "message": "Forbidden",
            "statusCode": 403,
          },
          "statusCode": 403,
        },
      },
      "message": "Forbidden",
    },
  },
  "status": 403,
}
`;

exports[`articles DELETE /api/articles/:slug when the user is authenticated and the article is found and the user is the article author should delete the article 1`] = `
{
  "body": {},
  "status": 200,
}
`;

exports[`articles DELETE /api/articles/:slug when the user is authenticated and the article is not found should return a not found error 1`] = `
{
  "body": {
    "errors": {
      "error": {
        "data": null,
        "isBoom": true,
        "isServer": false,
        "message": "Not Found",
        "output": {
          "headers": {},
          "payload": {
            "error": "Not Found",
            "message": "Not Found",
            "statusCode": 404,
          },
          "statusCode": 404,
        },
      },
      "message": "Not Found",
    },
  },
  "status": 404,
}
`;

exports[`articles DELETE /api/articles/:slug when the user is not authenticated should return an unauthorized error 1`] = `
{
  "body": {
    "errors": {
      "error": {
        "data": null,
        "isBoom": true,
        "isServer": false,
        "message": "Unauthorized",
        "output": {
          "headers": {},
          "payload": {
            "error": "Unauthorized",
            "message": "Unauthorized",
            "statusCode": 401,
          },
          "statusCode": 401,
        },
      },
      "message": "Unauthorized",
    },
  },
  "status": 401,
}
`;

exports[`articles GET /api/articles/:slug when the user is authenticated and the article is not found should return a not found error 1`] = `
{
  "body": {
    "errors": {
      "error": {
        "data": null,
        "isBoom": true,
        "isServer": false,
        "message": "Not Found",
        "output": {
          "headers": {},
          "payload": {
            "error": "Not Found",
            "message": "Not Found",
            "statusCode": 404,
          },
          "statusCode": 404,
        },
      },
      "message": "Not Found",
    },
  },
  "status": 404,
}
`;

exports[`articles GET /api/articles/:slug when the user is not authenticated and the article is not found should return a not found error 1`] = `
{
  "body": {
    "errors": {
      "error": {
        "data": null,
        "isBoom": true,
        "isServer": false,
        "message": "Not Found",
        "output": {
          "headers": {},
          "payload": {
            "error": "Not Found",
            "message": "Not Found",
            "statusCode": 404,
          },
          "statusCode": 404,
        },
      },
      "message": "Not Found",
    },
  },
  "status": 404,
}
`;

exports[`articles GET /api/articles/feed when the user is not authenticated should return an unauthorized error 1`] = `
{
  "body": {
    "errors": {
      "error": {
        "data": null,
        "isBoom": true,
        "isServer": false,
        "message": "Unauthorized",
        "output": {
          "headers": {},
          "payload": {
            "error": "Unauthorized",
            "message": "Unauthorized",
            "statusCode": 401,
          },
          "statusCode": 401,
        },
      },
      "message": "Unauthorized",
    },
  },
  "status": 401,
}
`;

exports[`articles POST /api/articles when the user is not authenticated should return an unauthorized error 1`] = `
{
  "body": {
    "errors": {
      "error": {
        "data": null,
        "isBoom": true,
        "isServer": false,
        "message": "Unauthorized",
        "output": {
          "headers": {},
          "payload": {
            "error": "Unauthorized",
            "message": "Unauthorized",
            "statusCode": 401,
          },
          "statusCode": 401,
        },
      },
      "message": "Unauthorized",
    },
  },
  "status": 401,
}
`;

exports[`articles PUT /api/articles/:slug when the user is authenticated and the article is found and the user is not the article author should return a forbidden error 1`] = `
{
  "body": {
    "errors": {
      "error": {
        "data": null,
        "isBoom": true,
        "isServer": false,
        "message": "Forbidden",
        "output": {
          "headers": {},
          "payload": {
            "error": "Forbidden",
            "message": "Forbidden",
            "statusCode": 403,
          },
          "statusCode": 403,
        },
      },
      "message": "Forbidden",
    },
  },
  "status": 403,
}
`;

exports[`articles PUT /api/articles/:slug when the user is authenticated and the article is not found should return a not found error 1`] = `
{
  "body": {
    "errors": {
      "error": {
        "data": null,
        "isBoom": true,
        "isServer": false,
        "message": "Not Found",
        "output": {
          "headers": {},
          "payload": {
            "error": "Not Found",
            "message": "Not Found",
            "statusCode": 404,
          },
          "statusCode": 404,
        },
      },
      "message": "Not Found",
    },
  },
  "status": 404,
}
`;

exports[`articles PUT /api/articles/:slug when the user is not authenticated should return an unauthorized error 1`] = `
{
  "body": {
    "errors": {
      "error": {
        "data": null,
        "isBoom": true,
        "isServer": false,
        "message": "Unauthorized",
        "output": {
          "headers": {},
          "payload": {
            "error": "Unauthorized",
            "message": "Unauthorized",
            "statusCode": 401,
          },
          "statusCode": 401,
        },
      },
      "message": "Unauthorized",
    },
  },
  "status": 401,
}
`;
